export const snapshot = {};

snapshot[`missing required field → mock response with diagnostics 1`] = `
{
  "x-steady-error-1-code": "E3007",
  "x-steady-error-1-message": "Missing required property: email",
  "x-steady-error-1-path": "body",
  "x-steady-error-count": "1",
  "x-steady-example-source": "generated",
  "x-steady-matched-path": "/users",
  "x-steady-valid": "false",
}
`;

snapshot[`type mismatch in body → mock response with diagnostics 1`] = `
{
  "x-steady-error-1-code": "E4001",
  "x-steady-error-1-message": "Value-validation format mismatch",
  "x-steady-error-1-path": "body.email",
  "x-steady-error-2-code": "E3008",
  "x-steady-error-2-message": "Expected type integer, got string",
  "x-steady-error-2-path": "body.age",
  "x-steady-error-count": "2",
  "x-steady-example-source": "generated",
  "x-steady-matched-path": "/users",
  "x-steady-valid": "false",
}
`;
